###############################################################################
#
# IAR ELF Linker V8.22.1.15669/W32 for ARM                12/Mar/2019  01:26:51
# Copyright 2007-2018 IAR Systems AB.
#
#    Output file  =  
#        C:\Users\User\Desktop\Работы\4
#        курс\Лабораторные\АСТС\№0\IAR\Debug\Exe\work0_4variant.out
#    Map file     =  
#        C:\Users\User\Desktop\Работы\4
#        курс\Лабораторные\АСТС\№0\IAR\Debug\List\work0_4variant.map
#    Command line =  
#        -f C:\Users\User\AppData\Local\Temp\EWFB30.tmp
#        ("C:\Users\User\Desktop\Работы\4
#        курс\Лабораторные\АСТС\№0\IAR\Debug\Obj\main.o"
#        -o "C:\Users\User\Desktop\Работы\4
#        курс\Лабораторные\АСТС\№0\IAR\Debug\Exe\work0_4variant.out"
#        --redirect _Printf=_PrintfFullNoMb --redirect _Scanf=_ScanfFullNoMb
#        --map "C:\Users\User\Desktop\Работы\4
#        курс\Лабораторные\АСТС\№0\IAR\Debug\List\work0_4variant.map"
#        --config "C:\Program Files (x86)\IAR Systems\Embedded Workbench
#        8.0\arm\config\linker\Milandr\MDR1986VE9x\MDR32F1.icf" --semihosting
#        --entry __iar_program_start --vfe --text_out locale)
#
###############################################################################

*******************************************************************************
*** RUNTIME MODEL ATTRIBUTES
***

CppFlavor       = *
__SystemLibrary = DLib
__dlib_version  = 6


*******************************************************************************
*** HEAP SELECTION
***

The basic heap was selected because some modules are built with
size limitations (and not runtime checking), and --advanced_heap
was not specified.


*******************************************************************************
*** PLACEMENT SUMMARY
***

"A0":  place at 0x08000000 { ro section .intvec };
"P1":  place in [from 0x08000000 to 0x0801ffff] { ro };
define block CSTACK with size = 4K, alignment = 8 { };
define block HEAP with size = 8K, alignment = 8 { };
"P2":  place in [from 0x20000000 to 0x20007fff] {
          rw, block CSTACK, block HEAP };
initialize by copy { rw };
keep { section .intvec };

  Section            Kind        Address    Size  Object
  -------            ----        -------    ----  ------
"A0":                                       0x40
  .intvec            ro code  0x08000000    0x40  vector_table_M.o [5]
                            - 0x08000040    0x40

"P1":                                     0x1f1c
  .text              ro code  0x08000040   0xe22  xprintffull_nomb.o [3]
  .text              ro code  0x08000e62     0x2  vector_table_M.o [5]
  .text              ro code  0x08000e64    0x16  strchr.o [5]
  .text              ro code  0x08000e7c    0x40  xfail_s.o [3]
  .text              ro code  0x08000ebc    0x36  strlen.o [5]
  .text              ro code  0x08000ef4    0x58  memchr.o [5]
  .text              ro code  0x08000f4c   0x22e  I64DivMod.o [5]
  .text              ro code  0x0800117c   0x1a2  DblMul.o [4]
  .text              ro code  0x08001320    0x76  ABImemcpy_unaligned.o [5]
  .text              ro code  0x08001398    0x70  frexp.o [4]
  .text              ro code  0x08001408    0x2e  DblCmpLe.o [4]
  .text              ro code  0x08001438    0x2e  DblCmpGe.o [4]
  .text              ro code  0x08001468   0x13a  ldexp.o [4]
  .text              ro code  0x080015a4    0x3a  DblToS32.o [4]
  .text              ro code  0x080015e0    0x22  S32ToDbl.o [4]
  .text              ro code  0x08001604    0xe2  DblSub.o [4]
  .text              ro code  0x080016e8   0x246  DblDiv.o [4]
  .text              ro code  0x08001930    0x28  DblToU32.o [4]
  .text              ro code  0x08001958    0x1a  U32ToDbl.o [4]
  .text              ro code  0x08001972     0x6  abort.o [3]
  .text              ro code  0x08001978     0x2  I64DivZer.o [5]
  .text              ro code  0x0800197c   0x178  DblAdd.o [4]
  .text              ro code  0x08001af4    0x14  exit.o [6]
  .text              ro code  0x08001b08    0x7c  iarttio.o [6]
  .text              ro code  0x08001b84    0x3c  XShttio.o [3]
  .text              ro code  0x08001bc0    0xf2  sqrt.o [4]
  .text              ro code  0x08001cb4    0xcc  main.o [1]
  .text              ro code  0x08001d80    0x28  printf.o [3]
  .text              ro code  0x08001da8    0x38  packbits_init_single.o [5]
  .rodata            const    0x08001de0    0x28  main.o [1]
  .text              ro code  0x08001e08    0x28  data_init.o [5]
  .text              ro code  0x08001e30    0x22  iarwrite.o [6]
  .iar.init_table    const    0x08001e54    0x10  - Linker created -
  .text              ro code  0x08001e64    0x20  putchar.o [3]
  .text              ro code  0x08001e84    0x10  write.o [6]
  .text              ro code  0x08001e94    0x1e  dwrite.o [6]
  .text              ro code  0x08001eb2    0x20  iarwstd.o [6]
  .text              ro code  0x08001ed4    0x1e  cmain.o [5]
  .text              ro code  0x08001ef2     0x4  low_level_init.o [3]
  .text              ro code  0x08001ef6     0x4  exit.o [3]
  .text              ro code  0x08001efc     0xa  cexit.o [5]
  .rodata            const    0x08001f08    0x18  main.o [1]
  .text              ro code  0x08001f20    0x16  xprout.o [3]
  .rodata            const    0x08001f38    0x14  main.o [1]
  .text              ro code  0x08001f4c     0xc  cstartup_M.o [5]
  .rodata            const    0x08001f58     0x0  packbits_init_single.o [5]
  Initializer bytes  const    0x08001f58     0x4  <for P2-1>
                            - 0x08001f5c  0x1f1c

"P2", part 1 of 2:                           0xd
  P2-1                        0x20000000     0xd  <Init block>
    .data            inited   0x20000000     0x8  XShttio.o [3]
    .bss             inited   0x20000008     0x4  xfail_s.o [3]
    .bss             inited   0x2000000c     0x1  XShttio.o [3]
                            - 0x2000000d     0xd

"P2", part 2 of 2:                        0x1000
  CSTACK                      0x20000010  0x1000  <Block>
    CSTACK           uninit   0x20000010  0x1000  <Block tail>
                            - 0x20001010  0x1000


*******************************************************************************
*** INIT TABLE
***

          Address     Size
          -------     ----
Copy/packbits (__iar_packbits_init_single3)
    1 source range, total size 0x4 (30% of destination):
          0x08001f58   0x4
    1 destination range, total size 0xd:
          0x20000000   0xd



*******************************************************************************
*** MODULE SUMMARY
***

    Module                  ro code  ro data  rw data
    ------                  -------  -------  -------
C:\Users\User\Desktop\Работы\4 курс\Лабораторные\АСТС\№0\IAR\Debug\Obj: [1]
    main.o                      204       84
    -------------------------------------------------
    Total:                      204       84

command line: [2]
    -------------------------------------------------
    Total:

dl7M_tln.a: [3]
    XShttio.o                    60        3        9
    abort.o                       6
    exit.o                        4
    low_level_init.o              4
    printf.o                     40
    putchar.o                    32
    xfail_s.o                    64        1        4
    xprintffull_nomb.o        3 618
    xprout.o                     22
    -------------------------------------------------
    Total:                    3 850        4       13

m7M_tl.a: [4]
    DblAdd.o                    376
    DblCmpGe.o                   46
    DblCmpLe.o                   46
    DblDiv.o                    582
    DblMul.o                    418
    DblSub.o                    226
    DblToS32.o                   58
    DblToU32.o                   40
    S32ToDbl.o                   34
    U32ToDbl.o                   26
    frexp.o                     112
    ldexp.o                     314
    sqrt.o                      242
    -------------------------------------------------
    Total:                    2 520

rt7M_tl.a: [5]
    ABImemcpy_unaligned.o       118
    I64DivMod.o                 558
    I64DivZer.o                   2
    cexit.o                      10
    cmain.o                      30
    cstartup_M.o                 12
    data_init.o                  40
    memchr.o                     88
    packbits_init_single.o       56
    strchr.o                     22
    strlen.o                     54
    vector_table_M.o             66
    -------------------------------------------------
    Total:                    1 056

shb_l.a: [6]
    dwrite.o                     30
    exit.o                       20
    iarttio.o                   124
    iarwrite.o                   34
    iarwstd.o                    32
    write.o                      16
    -------------------------------------------------
    Total:                      256

    Gaps                         32        6
    Linker created                        16    4 096
-----------------------------------------------------
    Grand Total:              7 918      110    4 109


*******************************************************************************
*** ENTRY LIST
***

Entry                      Address   Size  Type      Object
-----                      -------   ----  ----      ------
.iar.init_table$$Base   0x08001e54          --   Gb  - Linker created -
.iar.init_table$$Limit  0x08001e64          --   Gb  - Linker created -
?main                   0x08001ed5         Code  Gb  cmain.o [5]
CSTACK$$Base            0x20000010          --   Gb  - Linker created -
CSTACK$$Limit           0x20001010          --   Gb  - Linker created -
LoadInt                 0x080001f3   0x7a  Code  Lc  xprintffull_nomb.o [3]
Region$$Table$$Base     0x08001e54          --   Gb  - Linker created -
Region$$Table$$Limit    0x08001e64          --   Gb  - Linker created -
_GenldFullNoMb          0x08000b61  0x274  Code  Lc  xprintffull_nomb.o [3]
_LdtobFullNoMb          0x08000735  0x3fe  Code  Lc  xprintffull_nomb.o [3]
_LitobFullNoMb          0x080005dd  0x112  Code  Lc  xprintffull_nomb.o [3]
_PrintfFullNoMb         0x08000041  0x1a4  Code  Gb  xprintffull_nomb.o [3]
_Prout                  0x08001f21   0x16  Code  Gb  xprout.o [3]
_PutcharsFullNoMb       0x08000dd5   0x2e  Code  Lc  xprintffull_nomb.o [3]
_PutfldFullNoMb         0x0800026d  0x264  Code  Lc  xprintffull_nomb.o [3]
_PuttxtFullNoMb         0x080004d1  0x10c  Code  Lc  xprintffull_nomb.o [3]
__aeabi_cdcmple         0x08001409         Code  Gb  DblCmpLe.o [4]
__aeabi_cdrcmple        0x08001439         Code  Gb  DblCmpGe.o [4]
__aeabi_d2iz            0x080015a5         Code  Gb  DblToS32.o [4]
__aeabi_d2uiz           0x08001931         Code  Gb  DblToU32.o [4]
__aeabi_dadd            0x0800197d         Code  Gb  DblAdd.o [4]
__aeabi_ddiv            0x080016e9         Code  Gb  DblDiv.o [4]
__aeabi_dmul            0x0800117d         Code  Gb  DblMul.o [4]
__aeabi_dsub            0x08001605         Code  Gb  DblSub.o [4]
__aeabi_i2d             0x080015e1         Code  Gb  S32ToDbl.o [4]
__aeabi_ldiv0           0x08001979         Code  Gb  I64DivZer.o [5]
__aeabi_ui2d            0x08001959         Code  Gb  U32ToDbl.o [4]
__aeabi_uldivmod        0x08000f4d         Code  Gb  I64DivMod.o [5]
__cmain                 0x08001ed5         Code  Gb  cmain.o [5]
__dwrite                0x08001e95   0x1e  Code  Gb  dwrite.o [6]
__exit                  0x08001af5   0x14  Code  Gb  exit.o [6]
__iar_Fail_s            0x08000e7d   0x1c  Code  Gb  xfail_s.o [3]
__iar_Memchr            0x08000ef5         Code  Gb  memchr.o [5]
__iar_Strchr            0x08000e65         Code  Gb  strchr.o [5]
__iar_close_ttio        0x08001b09   0x2c  Code  Gb  iarttio.o [6]
__iar_dadd              0x08001615         Code  Gb  DblSub.o [4]
__iar_data_init3        0x08001e09   0x28  Code  Gb  data_init.o [5]
__iar_dsub              0x0800198d         Code  Gb  DblAdd.o [4]
__iar_dsubStart         0x0800199f         Code  Gb  DblAdd.o [4]
__iar_frexp             0x080013a5         Code  Gb  frexp.o [4]
__iar_frexp64           0x08001399         Code  Gb  frexp.o [4]
__iar_frexpl            0x080013a5         Code  Gb  frexp.o [4]
__iar_get_ttio          0x08001b35   0x4c  Code  Gb  iarttio.o [6]
__iar_ldexp64           0x08001469         Code  Gb  ldexp.o [4]
__iar_lookup_ttioh      0x08001bb3    0x4  Code  Gb  XShttio.o [3]
__iar_packbits_init_single3
                        0x08001da9   0x38  Code  Gb  packbits_init_single.o [5]
__iar_program_start     0x08001f4d         Code  Gb  cstartup_M.o [5]
__iar_scalbln64         0x08001469         Code  Gb  ldexp.o [4]
__iar_scalbn64          0x08001469         Code  Gb  ldexp.o [4]
__iar_sh_stdout         0x08001eb3   0x20  Code  Gb  iarwstd.o [6]
__iar_sh_write          0x08001e31   0x22  Code  Gb  iarwrite.o [6]
__iar_sqrt64            0x08001bc1         Code  Gb  sqrt.o [4]
__iar_systems$$module {Abs}
                        0x00000001         Data  Gb  command line/config [2]
__iar_ttio_guard_lock   0x08001b85   0x1e  Code  Gb  XShttio.o [3]
__iar_ttio_guard_unlock
                        0x08001ba3   0x10  Code  Gb  XShttio.o [3]
__iar_ttio_handles      0x20000000    0x8  Data  Lc  XShttio.o [3]
__iar_unaligned_memcpy  0x08001321         Code  Gb  ABImemcpy_unaligned.o [5]
__iar_unaligned_memcpy4
                        0x08001341         Code  Gb  ABImemcpy_unaligned.o [5]
__iar_unaligned_memcpy8
                        0x08001341         Code  Gb  ABImemcpy_unaligned.o [5]
__low_level_init        0x08001ef3    0x4  Code  Gb  low_level_init.o [3]
__vector_table          0x08000000         Data  Gb  vector_table_M.o [5]
__write                 0x08001e85   0x10  Code  Gb  write.o [6]
_call_main              0x08001ee1         Code  Gb  cmain.o [5]
_exit                   0x08001efd         Code  Gb  cexit.o [5]
_main                   0x08001eef         Code  Gb  cmain.o [5]
abort                   0x08001973    0x6  Code  Gb  abort.o [3]
exit                    0x08001ef7    0x4  Code  Gb  exit.o [3]
frexp                   0x08001399         Code  Gb  frexp.o [4]
frexpl                  0x08001399         Code  Gb  frexp.o [4]
ldexp                   0x08001469         Code  Gb  ldexp.o [4]
ldexpl                  0x08001469         Code  Gb  ldexp.o [4]
main                    0x08001cb5   0xcc  Code  Gb  main.o [1]
memchr                  0x08000ef5         Code  Gb  memchr.o [5]
printf                  0x08001d81   0x28  Code  Gb  printf.o [3]
putchar                 0x08001e65   0x20  Code  Gb  putchar.o [3]
scalbln                 0x08001469         Code  Gb  ldexp.o [4]
scalblnl                0x08001469         Code  Gb  ldexp.o [4]
scalbn                  0x08001469         Code  Gb  ldexp.o [4]
scalbnl                 0x08001469         Code  Gb  ldexp.o [4]
scale                   0x080006ef   0x46  Code  Lc  xprintffull_nomb.o [3]
sec_hand                0x20000008    0x4  Data  Lc  xfail_s.o [3]
sqrt                    0x08001bc1         Code  Gb  sqrt.o [4]
sqrtl                   0x08001bc1         Code  Gb  sqrt.o [4]
strchr                  0x08000e65         Code  Gb  strchr.o [5]
strlen                  0x08000ebd         Code  Gb  strlen.o [5]
ttio_guard              0x2000000c    0x1  Data  Lc  XShttio.o [3]


[1] = C:\Users\User\Desktop\Работы\4 курс\Лабораторные\АСТС\№0\IAR\Debug\Obj
[2] = command line
[3] = dl7M_tln.a
[4] = m7M_tl.a
[5] = rt7M_tl.a
[6] = shb_l.a

  7 918 bytes of readonly  code memory
    110 bytes of readonly  data memory
  4 109 bytes of readwrite data memory

Errors: none
Warnings: none
